16:53:02 | INFO | Start: https://books.toscrape.com
16:53:03 | INFO | Done: https://books.toscrape.com (200, 51274 bytes)
16:53:03 | INFO | Прогресс: обработано=1 | ошибок=0 | скорость=1.0 стр/сек
16:53:03 | INFO | Start: https://books.toscrape.com/index.html
16:53:03 | INFO | Done: https://books.toscrape.com/index.html (200, 51274 bytes)
16:53:03 | INFO | Start: https://books.toscrape.com/catalogue/category/books_1/index.html
16:53:04 | INFO | Done: https://books.toscrape.com/catalogue/category/books_1/index.html (200, 50587 bytes)
16:53:04 | INFO | Start: https://books.toscrape.com/catalogue/category/books/travel_2/index.html
16:53:04 | INFO | Done: https://books.toscrape.com/catalogue/category/books/travel_2/index.html (200, 36992 bytes)
16:53:04 | INFO | Start: https://books.toscrape.com/catalogue/category/books/mystery_3/index.html
16:53:05 | INFO | Done: https://books.toscrape.com/catalogue/category/books/mystery_3/index.html (200, 50368 bytes)
16:53:05 | INFO | Start: https://books.toscrape.com/catalogue/category/books/historical-fiction_4/index.html
16:53:05 | INFO | Done: https://books.toscrape.com/catalogue/category/books/historical-fiction_4/index.html (200, 50089 bytes)
16:53:05 | INFO | Start: https://books.toscrape.com/catalogue/category/books/sequential-art_5/index.html
16:53:06 | INFO | Done: https://books.toscrape.com/catalogue/category/books/sequential-art_5/index.html (200, 51435 bytes)
16:53:06 | INFO | Start: https://books.toscrape.com/catalogue/category/books/classics_6/index.html
16:53:06 | INFO | Done: https://books.toscrape.com/catalogue/category/books/classics_6/index.html (200, 47855 bytes)
16:53:06 | INFO | Start: https://books.toscrape.com/catalogue/category/books/philosophy_7/index.html
16:53:07 | INFO | Done: https://books.toscrape.com/catalogue/category/books/philosophy_7/index.html (200, 37018 bytes)
16:53:07 | INFO | Прогресс: обработано=9 | ошибок=0 | скорость=1.9 стр/сек
16:53:07 | INFO | Start: https://books.toscrape.com/catalogue/category/books/romance_8/index.html
16:53:07 | INFO | Done: https://books.toscrape.com/catalogue/category/books/romance_8/index.html (200, 50377 bytes)
16:53:07 | INFO | Прогресс: обработано=10 | ошибок=0 | скорость=1.9 стр/сек
16:54:32 | INFO | Start: https://books.toscrape.com
16:54:33 | INFO | Done: https://books.toscrape.com (200, 51274 bytes)
16:54:33 | INFO | Прогресс: 1/10 (10%) | ошибок=0 | скорость=0.9 стр/сек | ETA=9s
16:54:33 | INFO | Start: https://books.toscrape.com/index.html
16:54:33 | INFO | Done: https://books.toscrape.com/index.html (200, 51274 bytes)
16:54:33 | INFO | Start: https://books.toscrape.com/catalogue/category/books_1/index.html
16:54:34 | INFO | Done: https://books.toscrape.com/catalogue/category/books_1/index.html (200, 50587 bytes)
16:54:34 | INFO | Start: https://books.toscrape.com/catalogue/category/books/travel_2/index.html
16:54:34 | INFO | Done: https://books.toscrape.com/catalogue/category/books/travel_2/index.html (200, 36992 bytes)
16:54:34 | INFO | Start: https://books.toscrape.com/catalogue/category/books/mystery_3/index.html
16:54:35 | INFO | Start: https://books.toscrape.com/catalogue/category/books/historical-fiction_4/index.html
16:54:35 | INFO | Done: https://books.toscrape.com/catalogue/category/books/mystery_3/index.html (200, 50368 bytes)
16:54:35 | INFO | Start: https://books.toscrape.com/catalogue/category/books/sequential-art_5/index.html
16:54:36 | INFO | Done: https://books.toscrape.com/catalogue/category/books/sequential-art_5/index.html (200, 51435 bytes)
16:54:36 | INFO | Done: https://books.toscrape.com/catalogue/category/books/historical-fiction_4/index.html (200, 50089 bytes)
16:54:36 | INFO | Start: https://books.toscrape.com/catalogue/category/books/classics_6/index.html
16:54:36 | INFO | Done: https://books.toscrape.com/catalogue/category/books/classics_6/index.html (200, 47855 bytes)
16:54:36 | INFO | Start: https://books.toscrape.com/catalogue/category/books/philosophy_7/index.html
16:54:37 | INFO | Done: https://books.toscrape.com/catalogue/category/books/philosophy_7/index.html (200, 37018 bytes)
16:54:37 | INFO | Прогресс: 9/10 (90%) | ошибок=0 | скорость=1.8 стр/сек | ETA=1s
16:54:37 | INFO | Start: https://books.toscrape.com/catalogue/category/books/romance_8/index.html
16:54:37 | INFO | Done: https://books.toscrape.com/catalogue/category/books/romance_8/index.html (200, 50377 bytes)
16:54:37 | INFO | Прогресс: 10/10 (100%) | ошибок=0 | скорость=1.8 стр/сек | ETA=0s
16:57:06 | INFO | Start: https://books.toscrape.com
16:57:07 | INFO | Done: https://books.toscrape.com (200, 51274 bytes)
16:57:07 | INFO | Прогресс: 1/10 (10%) | ошибок=0 | скорость=1.0 стр/сек | ETA=9s
16:57:07 | INFO | Start: https://books.toscrape.com/index.html
16:57:08 | INFO | Done: https://books.toscrape.com/index.html (200, 51274 bytes)
16:57:08 | INFO | Start: https://books.toscrape.com/catalogue/category/books_1/index.html
16:57:08 | INFO | Done: https://books.toscrape.com/catalogue/category/books_1/index.html (200, 50587 bytes)
16:57:08 | INFO | Start: https://books.toscrape.com/catalogue/category/books/travel_2/index.html
16:57:08 | INFO | Done: https://books.toscrape.com/catalogue/category/books/travel_2/index.html (200, 36992 bytes)
16:57:09 | INFO | Start: https://books.toscrape.com/catalogue/category/books/mystery_3/index.html
16:57:09 | INFO | Done: https://books.toscrape.com/catalogue/category/books/mystery_3/index.html (200, 50368 bytes)
16:57:09 | INFO | Start: https://books.toscrape.com/catalogue/category/books/historical-fiction_4/index.html
16:57:10 | INFO | Done: https://books.toscrape.com/catalogue/category/books/historical-fiction_4/index.html (200, 50089 bytes)
16:57:10 | INFO | Start: https://books.toscrape.com/catalogue/category/books/sequential-art_5/index.html
16:57:10 | INFO | Done: https://books.toscrape.com/catalogue/category/books/sequential-art_5/index.html (200, 51435 bytes)
16:57:10 | INFO | Start: https://books.toscrape.com/catalogue/category/books/classics_6/index.html
16:57:10 | INFO | Done: https://books.toscrape.com/catalogue/category/books/classics_6/index.html (200, 47855 bytes)
16:57:11 | INFO | Start: https://books.toscrape.com/catalogue/category/books/philosophy_7/index.html
16:57:11 | INFO | Done: https://books.toscrape.com/catalogue/category/books/philosophy_7/index.html (200, 37018 bytes)
16:57:11 | INFO | Прогресс: 9/10 (90%) | ошибок=0 | скорость=1.9 стр/сек | ETA=1s
16:57:11 | INFO | Start: https://books.toscrape.com/catalogue/category/books/romance_8/index.html
16:57:12 | INFO | Done: https://books.toscrape.com/catalogue/category/books/romance_8/index.html (200, 50377 bytes)
16:57:12 | INFO | Прогресс: 10/10 (100%) | ошибок=0 | скорость=1.8 стр/сек | ETA=0s
16:58:38 | INFO | Start: https://books.toscrape.com
16:58:39 | INFO | Done: https://books.toscrape.com (200, 51274 bytes)
16:58:39 | INFO | Прогресс: 1/10 (10%) | ошибок=0 | скорость=0.9 стр/сек | ETA=10s
16:58:39 | INFO | Start: https://books.toscrape.com/index.html
16:58:40 | INFO | Done: https://books.toscrape.com/index.html (200, 51274 bytes)
16:58:40 | INFO | Start: https://books.toscrape.com/catalogue/category/books_1/index.html
16:58:40 | INFO | Done: https://books.toscrape.com/catalogue/category/books_1/index.html (200, 50587 bytes)
16:58:40 | INFO | Start: https://books.toscrape.com/catalogue/category/books/travel_2/index.html
16:58:41 | INFO | Done: https://books.toscrape.com/catalogue/category/books/travel_2/index.html (200, 36992 bytes)
16:58:41 | INFO | Start: https://books.toscrape.com/catalogue/category/books/mystery_3/index.html
16:58:41 | INFO | Done: https://books.toscrape.com/catalogue/category/books/mystery_3/index.html (200, 50368 bytes)
16:58:41 | INFO | Start: https://books.toscrape.com/catalogue/category/books/historical-fiction_4/index.html
16:58:42 | INFO | Done: https://books.toscrape.com/catalogue/category/books/historical-fiction_4/index.html (200, 50089 bytes)
16:58:42 | INFO | Start: https://books.toscrape.com/catalogue/category/books/sequential-art_5/index.html
16:58:42 | INFO | Done: https://books.toscrape.com/catalogue/category/books/sequential-art_5/index.html (200, 51435 bytes)
16:58:42 | INFO | Start: https://books.toscrape.com/catalogue/category/books/classics_6/index.html
16:58:43 | INFO | Done: https://books.toscrape.com/catalogue/category/books/classics_6/index.html (200, 47855 bytes)
16:58:43 | INFO | Start: https://books.toscrape.com/catalogue/category/books/philosophy_7/index.html
16:58:43 | INFO | Done: https://books.toscrape.com/catalogue/category/books/philosophy_7/index.html (200, 37018 bytes)
16:58:43 | INFO | Прогресс: 9/10 (90%) | ошибок=0 | скорость=1.8 стр/сек | ETA=1s
16:58:43 | INFO | Start: https://books.toscrape.com/catalogue/category/books/romance_8/index.html
16:58:44 | INFO | Done: https://books.toscrape.com/catalogue/category/books/romance_8/index.html (200, 50377 bytes)
16:58:44 | INFO | Прогресс: 10/10 (100%) | ошибок=0 | скорость=1.8 стр/сек | ETA=0s
12:29:56 | INFO | Start: https://books.toscrape.com
12:29:57 | INFO | Done: https://books.toscrape.com (200, 51274 bytes)
12:29:57 | INFO | Прогресс: 1/10 (10%) | ошибок=0 | скорость=0.8 стр/сек | ETA=12s
12:29:57 | INFO | Start: https://books.toscrape.com/index.html
12:29:58 | INFO | Done: https://books.toscrape.com/index.html (200, 51274 bytes)
12:29:58 | INFO | Start: https://books.toscrape.com/catalogue/category/books_1/index.html
12:29:58 | INFO | Done: https://books.toscrape.com/catalogue/category/books_1/index.html (200, 50587 bytes)
12:29:58 | INFO | Start: https://books.toscrape.com/catalogue/category/books/travel_2/index.html
12:29:59 | INFO | Done: https://books.toscrape.com/catalogue/category/books/travel_2/index.html (200, 36992 bytes)
12:29:59 | INFO | Start: https://books.toscrape.com/catalogue/category/books/mystery_3/index.html
12:29:59 | INFO | Done: https://books.toscrape.com/catalogue/category/books/mystery_3/index.html (200, 50368 bytes)
12:29:59 | INFO | Start: https://books.toscrape.com/catalogue/category/books/historical-fiction_4/index.html
12:30:00 | INFO | Done: https://books.toscrape.com/catalogue/category/books/historical-fiction_4/index.html (200, 50089 bytes)
12:30:00 | INFO | Start: https://books.toscrape.com/catalogue/category/books/sequential-art_5/index.html
12:30:00 | INFO | Done: https://books.toscrape.com/catalogue/category/books/sequential-art_5/index.html (200, 51435 bytes)
12:30:00 | INFO | Start: https://books.toscrape.com/catalogue/category/books/classics_6/index.html
12:30:01 | INFO | Done: https://books.toscrape.com/catalogue/category/books/classics_6/index.html (200, 47855 bytes)
12:30:01 | INFO | Start: https://books.toscrape.com/catalogue/category/books/philosophy_7/index.html
12:30:01 | INFO | Done: https://books.toscrape.com/catalogue/category/books/philosophy_7/index.html (200, 37018 bytes)
12:30:01 | INFO | Прогресс: 9/10 (90%) | ошибок=0 | скорость=1.8 стр/сек | ETA=1s
12:30:01 | INFO | Start: https://books.toscrape.com/catalogue/category/books/romance_8/index.html
12:30:02 | INFO | Done: https://books.toscrape.com/catalogue/category/books/romance_8/index.html (200, 50377 bytes)
12:30:02 | INFO | Прогресс: 10/10 (100%) | ошибок=0 | скорость=1.8 стр/сек | ETA=0s
12:32:32 | INFO | Start: https://books.toscrape.com
12:32:33 | INFO | Done: https://books.toscrape.com (200, 51274 bytes)
12:32:33 | INFO | Прогресс: 1/10 (10%) | ошибок=0 | скорость=0.8 стр/сек | ETA=11s
12:32:33 | INFO | Start: https://books.toscrape.com/index.html
12:32:33 | INFO | Done: https://books.toscrape.com/index.html (200, 51274 bytes)
12:32:34 | INFO | Start: https://books.toscrape.com/catalogue/category/books_1/index.html
12:32:34 | INFO | Done: https://books.toscrape.com/catalogue/category/books_1/index.html (200, 50587 bytes)
12:32:34 | INFO | Start: https://books.toscrape.com/catalogue/category/books/travel_2/index.html
12:32:34 | INFO | Done: https://books.toscrape.com/catalogue/category/books/travel_2/index.html (200, 36992 bytes)
12:32:35 | INFO | Start: https://books.toscrape.com/catalogue/category/books/mystery_3/index.html
12:32:35 | INFO | Done: https://books.toscrape.com/catalogue/category/books/mystery_3/index.html (200, 50368 bytes)
12:32:35 | INFO | Start: https://books.toscrape.com/catalogue/category/books/historical-fiction_4/index.html
12:32:35 | INFO | Done: https://books.toscrape.com/catalogue/category/books/historical-fiction_4/index.html (200, 50089 bytes)
12:32:36 | INFO | Start: https://books.toscrape.com/catalogue/category/books/sequential-art_5/index.html
12:32:36 | INFO | Done: https://books.toscrape.com/catalogue/category/books/sequential-art_5/index.html (200, 51435 bytes)
12:32:36 | INFO | Start: https://books.toscrape.com/catalogue/category/books/classics_6/index.html
12:32:36 | INFO | Done: https://books.toscrape.com/catalogue/category/books/classics_6/index.html (200, 47855 bytes)
12:32:37 | INFO | Start: https://books.toscrape.com/catalogue/category/books/philosophy_7/index.html
12:32:37 | INFO | Done: https://books.toscrape.com/catalogue/category/books/philosophy_7/index.html (200, 37018 bytes)
12:32:37 | INFO | Прогресс: 9/10 (90%) | ошибок=0 | скорость=1.8 стр/сек | ETA=1s
12:32:37 | INFO | Start: https://books.toscrape.com/catalogue/category/books/romance_8/index.html
12:32:37 | INFO | Done: https://books.toscrape.com/catalogue/category/books/romance_8/index.html (200, 50377 bytes)
12:32:37 | INFO | Прогресс: 10/10 (100%) | ошибок=0 | скорость=1.8 стр/сек | ETA=0s
13:20:04 | INFO | Start: https://books.toscrape.com
13:20:06 | INFO | Done: https://books.toscrape.com (200, 51274 bytes)
13:20:06 | INFO | Прогресс: 1/3 (33%) | ошибок=0 | скорость=0.4 стр/сек | ETA=5s
13:20:06 | INFO | Start: https://books.toscrape.com/index.html
13:20:07 | INFO | Done: https://books.toscrape.com/index.html (200, 51274 bytes)
13:20:07 | INFO | Прогресс: 2/3 (67%) | ошибок=0 | скорость=0.7 стр/сек | ETA=1s
13:20:07 | INFO | Start: https://books.toscrape.com/catalogue/category/books_1/index.html
13:20:08 | INFO | Done: https://books.toscrape.com/catalogue/category/books_1/index.html (200, 50587 bytes)
13:20:08 | INFO | Прогресс: 3/3 (100%) | ошибок=0 | скорость=0.8 стр/сек | ETA=0s
13:21:32 | INFO | Start: https://books.toscrape.com
13:21:33 | INFO | Done: https://books.toscrape.com (200, 51274 bytes)
13:21:33 | INFO | Прогресс: 1/3 (33%) | ошибок=0 | скорость=0.8 стр/сек | ETA=2s
13:21:33 | INFO | Start: https://books.toscrape.com/index.html
13:21:33 | INFO | Done: https://books.toscrape.com/index.html (200, 51274 bytes)
13:21:33 | INFO | Прогресс: 2/3 (67%) | ошибок=0 | скорость=1.4 стр/сек | ETA=1s
13:21:34 | INFO | Start: https://books.toscrape.com/catalogue/category/books_1/index.html
13:21:34 | INFO | Done: https://books.toscrape.com/catalogue/category/books_1/index.html (200, 50587 bytes)
13:21:34 | INFO | Прогресс: 3/3 (100%) | ошибок=0 | скорость=1.1 стр/сек | ETA=0s
10:30:58 | INFO | robots.txt недоступен (404): https://books.toscrape.com/robots.txt, разрешаем всё
10:30:58 | INFO | Start: https://books.toscrape.com
10:30:59 | INFO | Done: https://books.toscrape.com (200, 51274 bytes)
10:30:59 | INFO | Прогресс: 1/8 (12%) | ошибок=0 | скорость=0.5 стр/сек | ETA=14s
10:30:59 | INFO | Start: https://books.toscrape.com/index.html
10:30:59 | INFO | Done: https://books.toscrape.com/index.html (200, 51274 bytes)
10:31:00 | INFO | Start: https://books.toscrape.com/catalogue/category/books_1/index.html
10:31:00 | INFO | Done: https://books.toscrape.com/catalogue/category/books_1/index.html (200, 50587 bytes)
10:31:01 | INFO | Start: https://books.toscrape.com/catalogue/category/books/travel_2/index.html
10:31:01 | INFO | Done: https://books.toscrape.com/catalogue/category/books/travel_2/index.html (200, 36992 bytes)
10:31:02 | INFO | Start: https://books.toscrape.com/catalogue/category/books/mystery_3/index.html
10:31:02 | INFO | Done: https://books.toscrape.com/catalogue/category/books/mystery_3/index.html (200, 50368 bytes)
10:31:03 | INFO | Start: https://books.toscrape.com/catalogue/category/books/historical-fiction_4/index.html
10:31:03 | INFO | Done: https://books.toscrape.com/catalogue/category/books/historical-fiction_4/index.html (200, 50089 bytes)
10:31:04 | INFO | Start: https://books.toscrape.com/catalogue/category/books/sequential-art_5/index.html
10:31:04 | INFO | Done: https://books.toscrape.com/catalogue/category/books/sequential-art_5/index.html (200, 51435 bytes)
10:31:04 | INFO | Прогресс: 7/8 (88%) | ошибок=0 | скорость=0.9 стр/сек | ETA=1s
10:31:05 | INFO | Start: https://books.toscrape.com/catalogue/category/books/classics_6/index.html
10:31:05 | INFO | Done: https://books.toscrape.com/catalogue/category/books/classics_6/index.html (200, 47855 bytes)
10:31:05 | INFO | Прогресс: 8/8 (100%) | ошибок=0 | скорость=1.0 стр/сек | ETA=0s
10:52:21 | INFO | Start: https://books.toscrape.com
10:52:22 | INFO | Done: https://books.toscrape.com (200, 51274 bytes)
10:52:22 | INFO | Прогресс: 1/8 (12%) | ошибок=0 | скорость=0.8 стр/сек | ETA=9s
10:52:22 | INFO | Start: https://books.toscrape.com/index.html
10:52:23 | INFO | Done: https://books.toscrape.com/index.html (200, 51274 bytes)
10:52:23 | INFO | Start: https://books.toscrape.com/catalogue/category/books_1/index.html
10:52:24 | INFO | Done: https://books.toscrape.com/catalogue/category/books_1/index.html (200, 50587 bytes)
10:52:24 | INFO | Start: https://books.toscrape.com/catalogue/category/books/travel_2/index.html
10:52:25 | INFO | Done: https://books.toscrape.com/catalogue/category/books/travel_2/index.html (200, 36992 bytes)
10:52:25 | INFO | Start: https://books.toscrape.com/catalogue/category/books/mystery_3/index.html
10:52:26 | INFO | Done: https://books.toscrape.com/catalogue/category/books/mystery_3/index.html (200, 50368 bytes)
10:52:26 | INFO | Start: https://books.toscrape.com/catalogue/category/books/historical-fiction_4/index.html
10:52:27 | INFO | Done: https://books.toscrape.com/catalogue/category/books/historical-fiction_4/index.html (200, 50089 bytes)
10:52:27 | INFO | Start: https://books.toscrape.com/catalogue/category/books/sequential-art_5/index.html
10:52:28 | INFO | Done: https://books.toscrape.com/catalogue/category/books/sequential-art_5/index.html (200, 51435 bytes)
10:52:28 | INFO | Прогресс: 7/8 (88%) | ошибок=0 | скорость=1.0 стр/сек | ETA=1s
10:52:28 | INFO | Start: https://books.toscrape.com/catalogue/category/books/classics_6/index.html
10:52:29 | INFO | Done: https://books.toscrape.com/catalogue/category/books/classics_6/index.html (200, 47855 bytes)
10:52:29 | INFO | Прогресс: 8/8 (100%) | ошибок=0 | скорость=1.0 стр/сек | ETA=0s
16:18:01 | INFO | Start: https://books.toscrape.com
16:18:02 | INFO | Done: https://books.toscrape.com (200, 51274 bytes)
16:18:02 | INFO | Прогресс: 1/8 (12%) | ошибок=0 | скорость=0.8 стр/сек | ETA=8s
16:18:02 | INFO | Start: https://books.toscrape.com/index.html
16:18:03 | INFO | Done: https://books.toscrape.com/index.html (200, 51274 bytes)
16:18:03 | INFO | Start: https://books.toscrape.com/catalogue/category/books_1/index.html
16:18:04 | INFO | Done: https://books.toscrape.com/catalogue/category/books_1/index.html (200, 50587 bytes)
16:18:04 | INFO | Start: https://books.toscrape.com/catalogue/category/books/travel_2/index.html
16:18:04 | INFO | Done: https://books.toscrape.com/catalogue/category/books/travel_2/index.html (200, 36992 bytes)
16:18:05 | INFO | Start: https://books.toscrape.com/catalogue/category/books/mystery_3/index.html
16:18:06 | INFO | Done: https://books.toscrape.com/catalogue/category/books/mystery_3/index.html (200, 50368 bytes)
16:18:06 | INFO | Start: https://books.toscrape.com/catalogue/category/books/historical-fiction_4/index.html
16:18:07 | INFO | Done: https://books.toscrape.com/catalogue/category/books/historical-fiction_4/index.html (200, 50089 bytes)
16:18:07 | INFO | Start: https://books.toscrape.com/catalogue/category/books/sequential-art_5/index.html
16:18:07 | INFO | Done: https://books.toscrape.com/catalogue/category/books/sequential-art_5/index.html (200, 51435 bytes)
16:18:08 | INFO | Прогресс: 7/8 (88%) | ошибок=0 | скорость=1.1 стр/сек | ETA=1s
16:18:08 | INFO | Start: https://books.toscrape.com/catalogue/category/books/classics_6/index.html
16:18:09 | INFO | Done: https://books.toscrape.com/catalogue/category/books/classics_6/index.html (200, 47855 bytes)
16:18:09 | INFO | Прогресс: 8/8 (100%) | ошибок=0 | скорость=1.0 стр/сек | ETA=0s
13:26:51 | INFO | robots.txt недоступен (404): https://books.toscrape.com/robots.txt, разрешаем всё
13:26:51 | INFO | Start: https://books.toscrape.com
13:26:52 | INFO | Done: https://books.toscrape.com (200, 51274 bytes)
13:26:52 | INFO | Прогресс: 1/8 (12%) | ошибок=0 | скорость=0.5 стр/сек | ETA=13s
13:26:52 | INFO | Start: https://books.toscrape.com/index.html
13:26:53 | INFO | Done: https://books.toscrape.com/index.html (200, 51274 bytes)
13:26:53 | INFO | Start: https://books.toscrape.com/catalogue/category/books_1/index.html
13:26:54 | INFO | Done: https://books.toscrape.com/catalogue/category/books_1/index.html (200, 50587 bytes)
13:26:54 | INFO | Start: https://books.toscrape.com/catalogue/category/books/travel_2/index.html
13:26:55 | INFO | Done: https://books.toscrape.com/catalogue/category/books/travel_2/index.html (200, 36992 bytes)
13:26:55 | INFO | Start: https://books.toscrape.com/catalogue/category/books/mystery_3/index.html
13:26:56 | INFO | Done: https://books.toscrape.com/catalogue/category/books/mystery_3/index.html (200, 50368 bytes)
13:26:56 | INFO | Start: https://books.toscrape.com/catalogue/category/books/historical-fiction_4/index.html
13:26:57 | INFO | Done: https://books.toscrape.com/catalogue/category/books/historical-fiction_4/index.html (200, 50089 bytes)
13:26:57 | INFO | Start: https://books.toscrape.com/catalogue/category/books/sequential-art_5/index.html
13:26:58 | INFO | Done: https://books.toscrape.com/catalogue/category/books/sequential-art_5/index.html (200, 51435 bytes)
13:26:58 | INFO | Прогресс: 7/8 (88%) | ошибок=0 | скорость=1.0 стр/сек | ETA=1s
13:26:58 | INFO | Start: https://books.toscrape.com/catalogue/category/books/classics_6/index.html
13:26:59 | INFO | Done: https://books.toscrape.com/catalogue/category/books/classics_6/index.html (200, 47855 bytes)
13:26:59 | INFO | Прогресс: 8/8 (100%) | ошибок=0 | скорость=1.0 стр/сек | ETA=0s
11:12:49 | INFO | Start: https://books.toscrape.com/
11:12:51 | INFO | Done: https://books.toscrape.com/ (200, 51274 bytes)
11:12:51 | INFO | Прогресс: 1/8 (12%) | ошибок=0 | скорость=0.6 стр/сек | ETA=12s
11:12:51 | INFO | Start: https://books.toscrape.com/index.html
11:12:51 | INFO | Done: https://books.toscrape.com/index.html (200, 51274 bytes)
11:12:52 | INFO | Start: https://books.toscrape.com/catalogue/category/books_1/index.html
11:12:52 | INFO | Done: https://books.toscrape.com/catalogue/category/books_1/index.html (200, 50587 bytes)
11:12:53 | INFO | Start: https://books.toscrape.com/catalogue/category/books/travel_2/index.html
11:12:53 | INFO | Done: https://books.toscrape.com/catalogue/category/books/travel_2/index.html (200, 36992 bytes)
11:12:54 | INFO | Start: https://books.toscrape.com/catalogue/category/books/mystery_3/index.html
11:12:55 | INFO | Done: https://books.toscrape.com/catalogue/category/books/mystery_3/index.html (200, 50368 bytes)
11:12:55 | INFO | Start: https://books.toscrape.com/catalogue/category/books/historical-fiction_4/index.html
11:12:55 | INFO | Done: https://books.toscrape.com/catalogue/category/books/historical-fiction_4/index.html (200, 50089 bytes)
11:12:56 | INFO | Start: https://books.toscrape.com/catalogue/category/books/sequential-art_5/index.html
11:12:56 | INFO | Done: https://books.toscrape.com/catalogue/category/books/sequential-art_5/index.html (200, 51435 bytes)
11:12:56 | INFO | Прогресс: 7/8 (88%) | ошибок=0 | скорость=1.0 стр/сек | ETA=1s
11:12:57 | INFO | Start: https://books.toscrape.com/catalogue/category/books/classics_6/index.html
11:12:57 | INFO | Done: https://books.toscrape.com/catalogue/category/books/classics_6/index.html (200, 47855 bytes)
11:12:57 | INFO | Прогресс: 8/8 (100%) | ошибок=0 | скорость=1.0 стр/сек | ETA=0s
11:49:54 | INFO | Из sitemap получено 867066 url
11:49:56 | INFO | Start: https://www.gov.uk/
11:49:56 | INFO | Done: https://www.gov.uk/ (200, 85454 bytes)
11:49:57 | INFO | Start: https://www.gov.uk/government/speeches/modern-slavery-how-the-uk-is-leading-the-fight
11:49:57 | INFO | Done: https://www.gov.uk/government/speeches/modern-slavery-how-the-uk-is-leading-the-fight (200, 66283 bytes)
11:49:58 | INFO | Start: https://www.gov.uk/government/publications/police-pension-scheme-1987-in-england-and-wales
11:49:58 | INFO | Done: https://www.gov.uk/government/publications/police-pension-scheme-1987-in-england-and-wales (200, 76293 bytes)
11:49:58 | INFO | Прогресс: 3/3 (100%) | ошибок=0 | скорость=1.2 стр/сек | ETA=0s
11:50:22 | INFO | robots.txt недоступен: https://books.toscrape.com/robots.txt, разрешаем всё
11:50:22 | INFO | Start: https://books.toscrape.com/
11:50:23 | INFO | Done: https://books.toscrape.com/ (200, 51274 bytes)
11:50:23 | INFO | Прогресс: 1/8 (12%) | ошибок=0 | скорость=0.6 стр/сек | ETA=12s
11:50:23 | INFO | Start: https://books.toscrape.com/index.html
11:50:24 | INFO | Done: https://books.toscrape.com/index.html (200, 51274 bytes)
11:50:24 | INFO | Start: https://books.toscrape.com/catalogue/category/books_1/index.html
11:50:25 | INFO | Done: https://books.toscrape.com/catalogue/category/books_1/index.html (200, 50587 bytes)
11:50:25 | INFO | Start: https://books.toscrape.com/catalogue/category/books/travel_2/index.html
11:50:25 | INFO | Done: https://books.toscrape.com/catalogue/category/books/travel_2/index.html (200, 36992 bytes)
11:50:26 | INFO | Start: https://books.toscrape.com/catalogue/category/books/mystery_3/index.html
11:50:27 | INFO | Done: https://books.toscrape.com/catalogue/category/books/mystery_3/index.html (200, 50368 bytes)
11:50:27 | INFO | Start: https://books.toscrape.com/catalogue/category/books/historical-fiction_4/index.html
11:50:28 | INFO | Done: https://books.toscrape.com/catalogue/category/books/historical-fiction_4/index.html (200, 50089 bytes)
11:50:28 | INFO | Start: https://books.toscrape.com/catalogue/category/books/sequential-art_5/index.html
11:50:29 | INFO | Done: https://books.toscrape.com/catalogue/category/books/sequential-art_5/index.html (200, 51435 bytes)
11:50:29 | INFO | Прогресс: 7/8 (88%) | ошибок=0 | скорость=0.9 стр/сек | ETA=1s
11:50:29 | INFO | Start: https://books.toscrape.com/catalogue/category/books/classics_6/index.html
11:50:30 | INFO | Done: https://books.toscrape.com/catalogue/category/books/classics_6/index.html (200, 47855 bytes)
11:50:30 | INFO | Прогресс: 8/8 (100%) | ошибок=0 | скорость=0.9 стр/сек | ETA=0s
